    1  sudo dnf install -y shadow-utils findutils procps-ng libcap sudo git gh
    2  groupadd students
    3  sudo groupadd students
    4  sudo useradd -m -U user1
    5  sudo usermod -u 1234 user1
    6  suo usermod -aG stundents user1
    7  sudo usermod -aG stundents user1
    8  sudo usermod -aG students user1
    9  sudo usermod -s /bin/bash user1
   10  sudo find / -type f -perm -4000 -print > ~/setuid-files.out
   11  sudo find / -xdev -type f -perm -4000 -print > ~/setuid-files.out
   12  ps -e -o pid,ruid,euid,comm
   13  ps -e -o pid,ruid,euid,comm > ~/processes-all/out
   14  ps -e -o pid,ruid,euid,comm > ~/processes-all.out
   15  awk '$3 == 0' ~/processes-all.out > ~/processes-root.out
   16  sudo apt install awk
   17  sudo apt install gawk
   18  sudo yum install gawk
   19  awk '$3 == 0' ~/processes-all.out > ~/processes-root.out
   20  cat ~/processes-root.out
   21  ps -e -o pid,ruid,euid,comm
   22  ps -e -o pid,ruid,euid,comm > ~/processes-all.out
   23  awk '$3 == 0' ~/processes-all.out > ~/processes-root.out
   24  cat ~/processes-root.out
   25  awk '$2 >= 0' ~/processes-root.out > ~/processes-users.out
   26  awk '$2 >= 0' ~/processes-root.out > ~/processes.out
   27  rm ~/processes-users.out 
   28  cat ~/processes.out 
   29  awk '$2 >= 1000' ~/processes-root.out > ~/processes.out
   30  cat ~/processes.out 
   31  sudo cp /usr/bin/cat /home/user1/cat-suid
   32  sudo chowm /home/user1/cat-suid
   33  sudo chown /home/user1/cat-suid
   34  sudo chown root:root /home/user1/cat-suid
   35  sudo chmod 755 /home/user1/cat-suid
   36  sudo chmod 4755 /home/user1/cat-suid
   37  ls -l /home/user1/cat-suid
   38  sudo ls -l /home/user1/cat-suid
   39  sudo cp /usr/bin/chown /home/user1/chown-cap
   40  sudo chown root:root /home/user1/chown-cap
   41  sudo chmod 755 /home/user1/chown-cap
   42  sudo setcap cap_chown=p /home/user1/chown-cap
   43  sudo setcap cap_chown=ep /home/user1/chown-cap
   44  sudo tee -a /etc/sudoers < ~/time-rule.txt
   45  echo 'user1 ALL=(root) /usr/bin/date -s *' > ~/time-rule.txt
   46  sudo tee -a /etc/sudoers < ~/time-rule.txt
   47  sudo visudo -c
   48  sudo usermod -u 1234 user1
   49  passwd user1
   50  sudo passwd user1
   51  sudo stat /home/user1 > ~/stat.out
   52  sudo stat /home/user1/cat-suid >> ~/stat.out
   53  sudo stat /home/user1/chown-cap >> ~/stat.out
   54  sudo getcap /home/user1/chown-cap > ~/getcap.out
   55  cd ~/home
   56  cd /home
   57  git clone https://github.com/Matthew3000/mephi-linux-security-2026.git
   58  sudo git clone https://github.com/Matthew3000/mephi-linux-security-2026.git
   59  ls
   60  rm -rf mephi-linux-security-2026/
   61  sudo rm -rf mephi-linux-security-2026/
   62  cd matt/
   63  sudo git clone https://github.com/Matthew3000/mephi-linux-security-2026.git
   64  ls
   65  sudo cat /etc/passwd > ~/mephi-linux-security-2026/
   66  sudo cat /etc/passwd > ~/mephi-linux-security-2026/passwd
   67  sudo chown -R "$(id -u):$(id -g)" ~/mephi-linux-security-2026
   68  sudo cat /etc/passwd > ~/mephi-linux-security-2026/passwd
   69  sudo cat /etc/shadow > ~/mephi-linux-security-2026/shadow
   70  sudo cat /etc/group > ~/mephi-linux-security-2026/group
   71  sudo cat /etc/sudoers > ~/mephi-linux-security-2026/sudoers
   72  cp ~/stat.out ~/mephi-linux-security-2026/stat.out
   73  cp ~/getcap.out ~/mephi-linux-security-2026/getcap.out
   74  cp ~/setuid-files.out ~/mephi-linux-security-2026/setuid-files.out
   75  cp ~/processes.out ~/mephi-linux-security-2026/processes.out
   76  echo М265879
   77  gh auth login --hostname github.com --git-protocol https --web
   78  cd ~/mephi-linux-security-2026
   79  gh auth login --hostname github.com --git-protocol https --web
   80  gh auth setup-git
   81  ls
   82  git init -b main
   83  history > ~/history.out
    1  passwd
    2  /usr/bin/cat /etc/shadow
    3  /home/user1/cat-suid /etc/shadow
    4  touch ~/test.txt
    5  /usr/bin/chown root ~/test.txt 
    6  sudo ls -l ~/test.txt 
    7  /usr/bin/chown root ~/test.txt 
    8  /home/bin/chown-cap root ~/test.txt 
    9  /home/user1/chown-cap root ~/test.txt 
   10  cat test.txt 
   11  stat -c ~/test.txt 
   12  stat ~/test.txt 
   13  stat '%U %u %n;' /test.txt 
   14  stat -c '%U %u %n;' ~/test.txt 
   15  echo 'user1 ALL=(root) /usr/bin.date -s *' > ~/time-rule.txt
   16  sudo tee -a /etc/sudoers < ~/time-rule.txt 
   17  sudo tee -a /etc/sudoers < ~/time-rule.txt \
   18  sudo tee -a /etc/sudoers < ~/time-rule.txt 
   19  cat ~/time-rule.txt 
   20  nano /etc/sudoers
   21  rm ~/time-rule.txt
   22  MEPHI_TIME=$(date '+%F %T')
   23  sudo /usr/bin/date -s "$MEPHI_TIME"
   24  passwd
   25  sudo /usr/bin/date -s "$MEPHI_TIME"
   26  history > ~/history.out
