  File: /home/user1
  Size: 4096      	Blocks: 8          IO Block: 4096   directory
Device: 8,48	Inode: 1471        Links: 2
Access: (0700/drwx------)  Uid: ( 1234/   user1)   Gid: ( 1002/   user1)
Access: 2026-10-07 21:20:44.594093004 +0300
Modify: 2026-10-07 21:17:58.402679537 +0300
Change: 2026-10-07 21:17:58.402679537 +0300
 Birth: 2026-10-07 18:49:00.555016300 +0300
  File: /home/user1/cat-suid
  Size: 40696     	Blocks: 80         IO Block: 4096   regular file
Device: 8,48	Inode: 25491       Links: 1
Access: (4755/-rwsr-xr-x)  Uid: (    0/    root)   Gid: (    0/    root)
Access: 2026-10-07 19:59:03.965932130 +0300
Modify: 2026-10-07 19:54:44.561799146 +0300
Change: 2026-10-07 19:57:21.189959914 +0300
 Birth: 2026-10-07 19:54:44.560201742 +0300
  File: /home/user1/chown-cap
  Size: 69984     	Blocks: 144        IO Block: 4096   regular file
Device: 8,48	Inode: 25494       Links: 1
Access: (0755/-rwxr-xr-x)  Uid: (    0/    root)   Gid: (    0/    root)
Access: 2026-10-07 20:05:37.297831161 +0300
Modify: 2026-10-07 20:00:34.627319130 +0300
Change: 2026-10-07 20:04:50.637842804 +0300
 Birth: 2026-10-07 20:00:34.627232690 +0300
